entered test with parameter 2
entered test3 with parameter 8
