Thread fast executada aqui com argumento 3
Thread medium executada aqui com argumento 2
Thread main executada aqui com argumento 1
